#-----------------------------------------------------------
# Vivado v2018.2 (64-bit)
# SW Build 2258646 on Thu Jun 14 20:02:38 MDT 2018
# IP Build 2256618 on Thu Jun 14 22:10:49 MDT 2018
# Start of session at: Mon Oct 15 23:25:28 2018
# Process ID: 12218
# Current directory: /home/matias/Documentos/arqui/arquitectura-UNC-2018
# Command line: vivado
# Log file: /home/matias/Documentos/arqui/arquitectura-UNC-2018/vivado.log
# Journal file: /home/matias/Documentos/arqui/arquitectura-UNC-2018/vivado.jou
#-----------------------------------------------------------
start_gui
open_project /home/matias/project_3_bip/project_3_bip.xpr
update_compile_order -fileset sources_1
set_property SOURCE_SET sources_1 [get_filesets sim_1]
add_files -fileset sim_1 {/home/matias/Documentos/arqui/arquitectura-UNC-2018/TP3/Src/Test_Benches/test_bench_baud_rate_generator.v /home/matias/Documentos/arqui/arquitectura-UNC-2018/TP3/Src/Test_Benches/test_bench_interface_circuit.v /home/matias/Documentos/arqui/arquitectura-UNC-2018/TP3/Src/Test_Benches/test_bench_decoder.v /home/matias/Documentos/arqui/arquitectura-UNC-2018/TP3/Src/Test_Benches/test_bench_top.v /home/matias/Documentos/arqui/arquitectura-UNC-2018/TP3/Src/Test_Benches/test_bench_tx.v /home/matias/Documentos/arqui/arquitectura-UNC-2018/TP3/Src/Test_Benches/test_bench_mem_programa.v /home/matias/Documentos/arqui/arquitectura-UNC-2018/TP3/Src/Test_Benches/test_bench_address_calculator.v /home/matias/Documentos/arqui/arquitectura-UNC-2018/TP3/Src/Test_Benches/test_bench_contador_ciclos.v /home/matias/Documentos/arqui/arquitectura-UNC-2018/TP3/Src/Test_Benches/test_bench_rx.v /home/matias/Documentos/arqui/arquitectura-UNC-2018/TP3/Src/Test_Benches/test_bench_mem_data.v}
update_compile_order -fileset sim_1
# Disabling source management mode.  This is to allow the top design properties to be set without GUI intervention.
set_property source_mgmt_mode None [current_project]
set_property top test_bench_top_arquitectura [get_filesets sim_1]
set_property top_lib xil_defaultlib [get_filesets sim_1]
# Re-enabling previously disabled source management mode.
set_property source_mgmt_mode All [current_project]
update_compile_order -fileset sim_1
launch_simulation
source test_bench_top_arquitectura.tcl
restart
run all
relaunch_sim
restart
run all
set_property SOURCE_SET sources_1 [get_filesets sim_1]
add_files -fileset sim_1 -norecurse /home/matias/Documentos/arqui/arquitectura-UNC-2018/TP3/Src/Test_Benches/init_ram_file.txt
relaunch_sim
restart
run all
relaunch_sim
restart
run all
relaunch_sim
restart
run all
close_sim
