Copyright 1986-2018 Xilinx, Inc. All Rights Reserved.
---------------------------------------------------------------------------------------------
| Tool Version : Vivado v.2018.2 (lin64) Build 2258646 Thu Jun 14 20:02:38 MDT 2018
| Date         : Tue Sep 25 17:54:29 2018
| Host         : matias-pc running 64-bit Manjaro Linux
| Command      : report_control_sets -verbose -file top_arquitectura_control_sets_placed.rpt
| Design       : top_arquitectura
| Device       : xc7a35ti
---------------------------------------------------------------------------------------------

Control Set Information

Table of Contents
-----------------
1. Summary
2. Histogram
3. Flip-Flop Distribution
4. Detailed Control Set Information

1. Summary
----------

+----------------------------------------------------------+-------+
|                          Status                          | Count |
+----------------------------------------------------------+-------+
| Number of unique control sets                            |    14 |
| Unused register locations in slices containing registers |    30 |
+----------------------------------------------------------+-------+


2. Histogram
------------

+--------+--------------+
| Fanout | Control Sets |
+--------+--------------+
|      2 |            2 |
|      6 |            1 |
|      8 |            3 |
|     10 |            1 |
|     12 |            1 |
|     14 |            1 |
|    16+ |            5 |
+--------+--------------+


3. Flip-Flop Distribution
-------------------------

+--------------+-----------------------+------------------------+-----------------+--------------+
| Clock Enable | Synchronous Set/Reset | Asynchronous Set/Reset | Total Registers | Total Slices |
+--------------+-----------------------+------------------------+-----------------+--------------+
| No           | No                    | No                     |              76 |           16 |
| No           | No                    | Yes                    |               0 |            0 |
| No           | Yes                   | No                     |              34 |            9 |
| Yes          | No                    | No                     |               0 |            0 |
| Yes          | No                    | Yes                    |              46 |            9 |
| Yes          | Yes                   | No                     |              22 |            4 |
+--------------+-----------------------+------------------------+-----------------+--------------+


4. Detailed Control Set Information
-----------------------------------

+---------------------------------------------------+-------------------------------------------------+------------------------------------------------+------------------+----------------+
|                    Clock Signal                   |                  Enable Signal                  |                Set/Reset Signal                | Slice Load Count | Bel Load Count |
+---------------------------------------------------+-------------------------------------------------+------------------------------------------------+------------------+----------------+
|  i_clock_IBUF_BUFG                                | i_reset_IBUF                                    | u_baud_rate_generator1/o_rate_i_1_n_0          |                1 |              2 |
|  u_tx1/o_bit_tx_reg_i_2_n_0                       |                                                 |                                                |                1 |              2 |
|  i_clock_IBUF_BUFG                                | u_rx1/num_bits_next                             | i_reset_IBUF                                   |                2 |              6 |
|  i_clock_IBUF_BUFG                                | u_baud_rate_generator1/wire_rate_baud_generator | u_interface_circuit1/SS[0]                     |                1 |              8 |
|  i_clock_IBUF_BUFG                                | u_rx1/acc_tick_next                             | i_reset_IBUF                                   |                3 |              8 |
|  i_clock_IBUF_BUFG                                | u_rx1/state[3]_i_1_n_0                          | i_reset_IBUF                                   |                1 |              8 |
|  i_clock_IBUF_BUFG                                |                                                 |                                                |                3 |             10 |
|  i_clock_IBUF_BUFG                                | u_baud_rate_generator1/wire_rate_baud_generator | u_tx1/reg_contador_ticks[5]_i_1_n_0            |                2 |             12 |
|  i_clock_IBUF_BUFG                                |                                                 | u_interface_circuit1/SS[0]                     |                5 |             14 |
|  u_interface_circuit1/o_reg_dato_A_reg[7]_i_1_n_0 |                                                 |                                                |                2 |             16 |
|  u_interface_circuit1/o_reg_opcode_reg[7]_i_1_n_0 |                                                 |                                                |                5 |             16 |
|  i_clock_IBUF_BUFG                                |                                                 | u_baud_rate_generator1/reg_contador[9]_i_1_n_0 |                4 |             20 |
|  i_clock_IBUF_BUFG                                | u_rx1/buffer_next_0                             | i_reset_IBUF                                   |                3 |             24 |
|  u_interface_circuit1/E[0]                        |                                                 |                                                |                5 |             32 |
+---------------------------------------------------+-------------------------------------------------+------------------------------------------------+------------------+----------------+


